// Vitest Snapshot v1, https://vitest.dev/guide/snapshot.html

exports[`code 组件 > 快照 1`] = `"<pre class="ui-code" data-language="rust"><code class="hljs"><span class="hljs-keyword">fn</span> <span class="hljs-title function_">main</span>() { <span class="hljs-keyword">let</span> <span class="hljs-variable">x</span> = <span class="hljs-number">1</span>; }</code></pre>"`;
